// Bun Snapshot v1, https://goo.gl/fbAQLP

exports[`ConfigManager defaults snapshot 1`] = `
{
  "allowedProtocols":   
Set {
    "http:",
    "https:",
    "ftp:",
    "file:",
  }
,
  "createOptions": {
    "findIfExists": true,
    "tagShortUrl": true,
  },
  "modifyOptions": {
    "shortUrl": "",
  },
  "shlinkApiKey": "",
  "shlinkButtonOption": "create",
  "shlinkHost": "",
}
`;

exports[`ConfigManager defaults match snapshot 1`] = `
{
  "allowedProtocols":   
Set {
    "http:",
    "https:",
    "ftp:",
    "file:",
  }
,
  "createOptions": {
    "findIfExists": true,
    "tagShortUrl": true,
  },
  "modifyOptions": {
    "shortUrl": "",
  },
  "shlinkApiKey": "",
  "shlinkButtonOption": "create",
  "shlinkHost": "",
}
`;
